<?xml version="1.0" encoding="UTF-8" standalone="yes"?>
<search-orders>
	<search-order>
		<!-- Incorrect source pattern as it starts with'/' -->
		<source pattern="/src/java/WMIN3202/pro3/**/*"/>
		<target pattern="src/java/WMIN3202/pro3/in/example/"/>
	</search-order>
</search-orders>
