#5 ProcedureDivision
 #6 CobolPerformStmt TESTPARA, FROM={TestEntryPoint}, TO={#9}
  #7 CobolFieldReference
 #8 CobolGoBackStmt, FROM={#15, #19}, TO={TestReturnPoint}
 #9 CobolLabelStmt TESTPARA , FROM={#6}, TO={#10}
  #10 CobolReturnStmt <branch stmt>, Label: RETURN, FROM={#9}, TO={#15(AT END), #19(NOT AT END)}
   #13 CobolFieldReference
   #14 CobolAtEndBlock
    #15 CobolDisplayStmt 'A', FROM={#10(AT END)}, TO={#8}
   #18 CobolAtEndBlock
    #19 CobolDisplayStmt 'B', FROM={#10(NOT AT END)}, TO={#8}
 #22 CobolLabelStmt UNREACHABLE 
  #23 CobolDisplayStmt 'UNREACHABLE'
