 #2 ProcedureBlock, FROM={TestEntryPoint}, TO={#6}
  #6 ProcedureStatement, FROM={#2}, TO={#15}
  #15 DeclareStatement, FROM={#6}, TO={#39}
  #39 GoToStatement, FROM={#15}, TO={#49(JUMP)}
  #44 GoToStatement
  #49 ProcedureBlock, FROM={#39(JUMP)}, TO={#56}
   #56 ProcedureStatement, FROM={#49}, TO={#59}
   #59 AssignmentStatement, FROM={#56}, TO={#97}
     #65 BuiltInFunctionReference
         #76 BuiltInFunctionReference
   #97 PutStatement, FROM={#59}, TO={#118}
   #118 EndStatement, FROM={#97}, TO={#121}
  #121 PutStatement, FROM={#118}, TO={#136}
  #136 PutStatement, FROM={#121}, TO={#154}
  #154 EndStatement, FROM={#136}, TO={TestHaltPoint}
