 #2 ProcedureBlock, FROM={TestEntryPoint}, TO={#6}
  #6 ProcedureStatement, FROM={#2}, TO={#15}
  #15 DeclareStatement, FROM={#6}, TO={#35}
  #35 PutStatement, FROM={#15}, TO={#50}
  #50 CallStatement, FROM={#35}, TO={#65(CALL)}
  #61 EndStatement, FROM={#108}, TO={TestHaltPoint}
 #65 ProcedureBlock, FROM={#50(CALL), TestEntryPoint}, TO={#69}
  #69 ProcedureStatement, FROM={#65}, TO={#77}
  #77 DeclareStatement, FROM={#69}, TO={#92}
  #92 PutStatement, FROM={#77}, TO={#108}
  #108 EndStatement, FROM={#92}, TO={#61, TestReturnPoint}
