  #4 CFunctionDefinition, Function Name : main, FROM={TestEntryPoint}, TO={#17}
   #17 CIfElseStatement, Label: if (i > 15) { printf("10 is less than 15"); } else { printf("I am in else"); }, FROM={#4}, TO={#24(TRUE), #30(FALSE)}
     #24 CExpressionStatement, FROM={#17(TRUE)}, TO={#35}
       #26 CFunctionReference
     #30 CExpressionStatement, FROM={#17(FALSE)}, TO={#35}
       #32 CFunctionReference
   #35 CExpressionStatement, FROM={#24, #30}, TO={#40}
     #37 CFunctionReference
   #40 CIfElseStatement, Label: if (i > 15) { printf("10 is greater than 15"); } else { printf("I am in else"); }, FROM={#35}, TO={#47(TRUE), #53(FALSE)}
     #47 CExpressionStatement, FROM={#40(TRUE)}, TO={TestReturnPoint}
       #49 CFunctionReference
     #53 CExpressionStatement, FROM={#40(FALSE)}, TO={TestReturnPoint}
       #55 CFunctionReference
