  #3 CFunctionDefinition, Function Name : func1, FROM={TestEntryPoint}, TO={#9}
   #9 CExpressionStatement, FROM={#3}, TO={TestReturnPoint}
     #11 CFunctionReference
