  #3 CFunctionDefinition, Function Name : func
   #11 CExpressionStatement
     #13 CFunctionReference
