  #5 CFunctionDefinition, Function Name : main, FROM={TestEntryPoint}, TO={#19}
   #19 CExpressionStatement, FROM={#5}, TO={#24}
     #21 CFunctionReference
   #24 CLibraryFunction, FROM={#19}, TO={TestHaltPoint}
     #26 CFunctionReference
