{
  "object" : {
    "className" : "innowake.mining.shared.model.datalineage.graph.DataFlowGraph",
    "nodes" : [ {
      "type" : "MODULE",
      "id" : "module-2000",
      "moduleId" : 2000,
      "name" : "MoveAndComputeStatementModule",
      "location" : {
        "offset" : 0,
        "length" : 0
      },
      "incomings" : [ ],
      "outgoings" : [ ],
      "direction" : null,
      "parentModule" : null,
      "children" : [ "module-2000-field-126", "module-2000-field-159", "module-2000-field-186", "module-2000-statement-246", "module-2000-statement-283" ],
      "statementLabel" : "",
      "sourceLocation" : null,
      "dataInterfaces" : [ ]
    }, {
      "type" : "FIELD",
      "id" : "module-2000-field-126",
      "name" : "WS-ONE",
      "location" : {
        "offset" : 126,
        "length" : 24
      },
      "incomings" : [ ],
      "outgoings" : [ "module-2000-statement-246" ],
      "direction" : "BOTH",
      "parentModule" : "module-2000",
      "children" : [ ],
      "statementLabel" : "",
      "sourceLocation" : {
        "moduleId" : 2000,
        "moduleName" : "MoveAndComputeStatementModule",
        "moduleLocation" : {
          "offset" : 126,
          "length" : 24
        }
      }
    }, {
      "type" : "FIELD",
      "id" : "module-2000-field-159",
      "name" : "WS-INPUT",
      "location" : {
        "offset" : 159,
        "length" : 18
      },
      "incomings" : [ "module-2000-statement-246" ],
      "outgoings" : [ "module-2000-statement-283" ],
      "direction" : "OUTGOING",
      "parentModule" : "module-2000",
      "children" : [ ],
      "statementLabel" : "",
      "sourceLocation" : {
        "moduleId" : 2000,
        "moduleName" : "MoveAndComputeStatementModule",
        "moduleLocation" : {
          "offset" : 159,
          "length" : 18
        }
      }
    }, {
      "type" : "FIELD",
      "id" : "module-2000-field-186",
      "name" : "WS-OUTPUT",
      "location" : {
        "offset" : 186,
        "length" : 19
      },
      "incomings" : [ "module-2000-statement-283" ],
      "outgoings" : [ ],
      "direction" : "OUTGOING",
      "parentModule" : "module-2000",
      "children" : [ ],
      "statementLabel" : "",
      "sourceLocation" : {
        "moduleId" : 2000,
        "moduleName" : "MoveAndComputeStatementModule",
        "moduleLocation" : {
          "offset" : 186,
          "length" : 19
        }
      }
    }, {
      "type" : "STATEMENT",
      "id" : "module-2000-statement-246",
      "name" : "Move",
      "location" : {
        "offset" : 246,
        "length" : 23
      },
      "incomings" : [ "module-2000-field-126" ],
      "outgoings" : [ "module-2000-field-159" ],
      "direction" : "OUTGOING",
      "parentModule" : "module-2000",
      "children" : [ ],
      "statementLabel" : "MOVE WS-ONE TO WS-INPUT",
      "sourceLocation" : {
        "moduleId" : 2000,
        "moduleName" : "MoveAndComputeStatementModule",
        "moduleLocation" : {
          "offset" : 246,
          "length" : 23
        }
      }
    }, {
      "type" : "STATEMENT",
      "id" : "module-2000-statement-283",
      "name" : "Compute",
      "location" : {
        "offset" : 283,
        "length" : 32
      },
      "incomings" : [ "module-2000-field-159" ],
      "outgoings" : [ "module-2000-field-186" ],
      "direction" : "OUTGOING",
      "parentModule" : "module-2000",
      "children" : [ ],
      "statementLabel" : "COMPUTE WS-OUTPUT = WS-INPUT * 2",
      "sourceLocation" : {
        "moduleId" : 2000,
        "moduleName" : "MoveAndComputeStatementModule",
        "moduleLocation" : {
          "offset" : 283,
          "length" : 32
        }
      }
    } ]
  }
}