{
  "object" : {
    "className" : "innowake.mining.shared.model.datalineage.graph.DataFlowGraph",
    "nodes" : [ {
      "type" : "MODULE",
      "id" : "module-2075",
      "moduleId" : 2075,
      "name" : "MMRS7112",
      "location" : {
        "offset" : 0,
        "length" : 0
      },
      "incomings" : [ ],
      "outgoings" : [ ],
      "parentModule" : null,
      "children" : [ "module-2075-field-1621", "module-2075-field-1723", "module-2075-field-1983", "module-2075-field-2010", "module-2075-field-2065", "module-2075-field-2114", "module-2075-field-2138", "module-2075-statement-3094", "module-2075-statement-3320", "module-2075-statement-3373", "module-2075-statement-3434", "module-2075-statement-3612", "module-2075-statement-3664", "module-2075-statement-3717", "module-2075-statement-3773", "module-2075-statement-4034", "module-2075-statement-4388", "module-2075-statement-4480", "module-2075-statement-4509", "module-2075-statement-4669" ],
      "sourceLocation" : null,
      "dataInterfaces" : [ ]
    }, {
      "type" : "FIELD",
      "id" : "module-2075-field-1621",
      "name" : "KSDS-PRIMARY-INDEX",
      "location" : {
        "offset" : 1621,
        "length" : 34
      },
      "incomings" : [ ],
      "outgoings" : [ "module-2075-statement-4509" ],
      "parentModule" : "module-2075",
      "children" : [ ],
      "sourceLocation" : null
    }, {
      "type" : "FIELD",
      "id" : "module-2075-field-1723",
      "name" : "MY-PROGRAM-NAME",
      "location" : {
        "offset" : 1723,
        "length" : 48
      },
      "incomings" : [ ],
      "outgoings" : [ "module-2075-statement-3094", "module-2075-statement-4034" ],
      "parentModule" : "module-2075",
      "children" : [ ],
      "sourceLocation" : null
    }, {
      "type" : "FIELD",
      "id" : "module-2075-field-1983",
      "name" : "MY-COUNTER",
      "location" : {
        "offset" : 1983,
        "length" : 15
      },
      "incomings" : [ "module-2075-statement-3717", "module-2075-statement-4480" ],
      "outgoings" : [ "module-2075-statement-3717", "module-2075-statement-3773", "module-2075-statement-4509" ],
      "parentModule" : "module-2075",
      "children" : [ ],
      "sourceLocation" : null
    }, {
      "type" : "FIELD",
      "id" : "module-2075-field-2010",
      "name" : "MYSQLIN-COUNTER",
      "location" : {
        "offset" : 2010,
        "length" : 43
      },
      "incomings" : [ "module-2075-statement-3717", "module-2075-statement-4480" ],
      "outgoings" : [ "module-2075-statement-3717", "module-2075-statement-3773", "module-2075-statement-4509" ],
      "parentModule" : "module-2075",
      "children" : [ ],
      "sourceLocation" : null
    }, {
      "type" : "FIELD",
      "id" : "module-2075-field-2065",
      "name" : "MYSQLIN-DISPLAY",
      "location" : {
        "offset" : 2065,
        "length" : 41
      },
      "incomings" : [ "module-2075-statement-3717", "module-2075-statement-4480" ],
      "outgoings" : [ "module-2075-statement-3717", "module-2075-statement-3773", "module-2075-statement-4509" ],
      "parentModule" : "module-2075",
      "children" : [ ],
      "sourceLocation" : null
    }, {
      "type" : "FIELD",
      "id" : "module-2075-field-2114",
      "name" : "MY-INFO",
      "location" : {
        "offset" : 2114,
        "length" : 12
      },
      "incomings" : [ "module-2075-statement-3320", "module-2075-statement-3612", "module-2075-statement-4388" ],
      "outgoings" : [ "module-2075-statement-3373", "module-2075-statement-3434", "module-2075-statement-3664", "module-2075-statement-4509", "module-2075-statement-4669" ],
      "parentModule" : "module-2075",
      "children" : [ ],
      "sourceLocation" : null
    }, {
      "type" : "FIELD",
      "id" : "module-2075-field-2138",
      "name" : "MYSQLCA-SQLCODE",
      "location" : {
        "offset" : 2138,
        "length" : 44
      },
      "incomings" : [ "module-2075-statement-3320", "module-2075-statement-3612", "module-2075-statement-4388" ],
      "outgoings" : [ "module-2075-statement-3373", "module-2075-statement-3434", "module-2075-statement-3664", "module-2075-statement-4509", "module-2075-statement-4669" ],
      "parentModule" : "module-2075",
      "children" : [ ],
      "sourceLocation" : null
    }, {
      "type" : "STATEMENT",
      "id" : "module-2075-statement-3094",
      "name" : "Display",
      "location" : {
        "offset" : 3094,
        "length" : 86
      },
      "incomings" : [ "module-2075-field-1723" ],
      "outgoings" : [ ],
      "parentModule" : "module-2075",
      "children" : [ ],
      "sourceLocation" : null
    }, {
      "type" : "STATEMENT",
      "id" : "module-2075-statement-3320",
      "name" : "Move",
      "location" : {
        "offset" : 3320,
        "length" : 41
      },
      "incomings" : [ ],
      "outgoings" : [ "module-2075-field-2114", "module-2075-field-2138" ],
      "parentModule" : "module-2075",
      "children" : [ ],
      "sourceLocation" : null
    }, {
      "type" : "STATEMENT",
      "id" : "module-2075-statement-3373",
      "name" : "Display",
      "location" : {
        "offset" : 3373,
        "length" : 46
      },
      "incomings" : [ "module-2075-field-2114", "module-2075-field-2138" ],
      "outgoings" : [ ],
      "parentModule" : "module-2075",
      "children" : [ ],
      "sourceLocation" : null
    }, {
      "type" : "STATEMENT",
      "id" : "module-2075-statement-3434",
      "name" : "Comparison",
      "location" : {
        "offset" : 3434,
        "length" : 15
      },
      "incomings" : [ "module-2075-field-2114", "module-2075-field-2138" ],
      "outgoings" : [ ],
      "parentModule" : "module-2075",
      "children" : [ ],
      "sourceLocation" : null
    }, {
      "type" : "STATEMENT",
      "id" : "module-2075-statement-3612",
      "name" : "Move",
      "location" : {
        "offset" : 3612,
        "length" : 40
      },
      "incomings" : [ ],
      "outgoings" : [ "module-2075-field-2114", "module-2075-field-2138" ],
      "parentModule" : "module-2075",
      "children" : [ ],
      "sourceLocation" : null
    }, {
      "type" : "STATEMENT",
      "id" : "module-2075-statement-3664",
      "name" : "Display",
      "location" : {
        "offset" : 3664,
        "length" : 40
      },
      "incomings" : [ "module-2075-field-2114", "module-2075-field-2138" ],
      "outgoings" : [ ],
      "parentModule" : "module-2075",
      "children" : [ ],
      "sourceLocation" : null
    }, {
      "type" : "STATEMENT",
      "id" : "module-2075-statement-3717",
      "name" : "Move",
      "location" : {
        "offset" : 3717,
        "length" : 44
      },
      "incomings" : [ "module-2075-field-1983", "module-2075-field-2010", "module-2075-field-2065" ],
      "outgoings" : [ "module-2075-field-1983", "module-2075-field-2010", "module-2075-field-2065" ],
      "parentModule" : "module-2075",
      "children" : [ ],
      "sourceLocation" : null
    }, {
      "type" : "STATEMENT",
      "id" : "module-2075-statement-3773",
      "name" : "Display",
      "location" : {
        "offset" : 3773,
        "length" : 44
      },
      "incomings" : [ "module-2075-field-1983", "module-2075-field-2010", "module-2075-field-2065" ],
      "outgoings" : [ ],
      "parentModule" : "module-2075",
      "children" : [ ],
      "sourceLocation" : null
    }, {
      "type" : "STATEMENT",
      "id" : "module-2075-statement-4034",
      "name" : "Display",
      "location" : {
        "offset" : 4034,
        "length" : 84
      },
      "incomings" : [ "module-2075-field-1723" ],
      "outgoings" : [ ],
      "parentModule" : "module-2075",
      "children" : [ ],
      "sourceLocation" : null
    }, {
      "type" : "STATEMENT",
      "id" : "module-2075-statement-4388",
      "name" : "Move",
      "location" : {
        "offset" : 4388,
        "length" : 40
      },
      "incomings" : [ ],
      "outgoings" : [ "module-2075-field-2114", "module-2075-field-2138" ],
      "parentModule" : "module-2075",
      "children" : [ ],
      "sourceLocation" : null
    }, {
      "type" : "STATEMENT",
      "id" : "module-2075-statement-4480",
      "name" : "*CobolExpressionWithRoundedFlag",
      "location" : {
        "offset" : 4480,
        "length" : 15
      },
      "incomings" : [ ],
      "outgoings" : [ "module-2075-field-1983", "module-2075-field-2010", "module-2075-field-2065" ],
      "parentModule" : "module-2075",
      "children" : [ ],
      "sourceLocation" : null
    }, {
      "type" : "STATEMENT",
      "id" : "module-2075-statement-4509",
      "name" : "Display",
      "location" : {
        "offset" : 4509,
        "length" : 130
      },
      "incomings" : [ "module-2075-field-1621", "module-2075-field-1983", "module-2075-field-2010", "module-2075-field-2065", "module-2075-field-2114", "module-2075-field-2138" ],
      "outgoings" : [ ],
      "parentModule" : "module-2075",
      "children" : [ ],
      "sourceLocation" : null
    }, {
      "type" : "STATEMENT",
      "id" : "module-2075-statement-4669",
      "name" : "Display",
      "location" : {
        "offset" : 4669,
        "length" : 48
      },
      "incomings" : [ "module-2075-field-2114", "module-2075-field-2138" ],
      "outgoings" : [ ],
      "parentModule" : "module-2075",
      "children" : [ ],
      "sourceLocation" : null
    } ]
  }
}