DataFlowNode 
 	 [TYPE = FIELD,
	 NAME = WS-INPUT,
	 LOCATION = ModuleLocation[offset=159,length=18],
	 MODULEID = 2000,
	 RELATEDFIELDS = [],
	 READACCESSES = [Compute],
	 WRITEACCESSES = [Move]]

DataFlowNode 
 	 [TYPE = FIELD,
	 NAME = WS-ONE,
	 LOCATION = ModuleLocation[offset=126,length=24],
	 MODULEID = 2000,
	 RELATEDFIELDS = [],
	 READACCESSES = [Move],
	 WRITEACCESSES = []]

DataFlowNode 
 	 [TYPE = FIELD,
	 NAME = WS-OUTPUT,
	 LOCATION = ModuleLocation[offset=186,length=19],
	 MODULEID = 2000,
	 RELATEDFIELDS = [],
	 READACCESSES = [],
	 WRITEACCESSES = [Compute]]

DataFlowNode 
 	 [TYPE = STATEMENT,
	 NAME = Compute,
	 LOCATION = ModuleLocation[offset=283,length=32],
	 MODULEID = 2000,
	 RELATEDFIELDS = [],
	 READACCESSES = [WS-INPUT],
	 WRITEACCESSES = [WS-OUTPUT]]

DataFlowNode 
 	 [TYPE = STATEMENT,
	 NAME = Move,
	 LOCATION = ModuleLocation[offset=246,length=23],
	 MODULEID = 2000,
	 RELATEDFIELDS = [],
	 READACCESSES = [WS-ONE],
	 WRITEACCESSES = [WS-INPUT]]

