DataFlowNode 
 	 [TYPE = FIELD,
	 NAME = FILLER-1,
	 LOCATION = ModuleLocation[offset=151,length=47],
	 MODULEID = 2002,
	 RELATEDFIELDS = [MY-HEX-CONV, MY-HEX-CONV-NUM],
	 READACCESSES = [Compute],
	 WRITEACCESSES = []]

DataFlowNode 
 	 [TYPE = FIELD,
	 NAME = MY-HEX-CONV,
	 LOCATION = ModuleLocation[offset=123,length=16],
	 MODULEID = 2002,
	 RELATEDFIELDS = [FILLER-1, MY-HEX-CONV-CHAR, MY-HEX-CONV-NUM],
	 READACCESSES = [],
	 WRITEACCESSES = []]

DataFlowNode 
 	 [TYPE = FIELD,
	 NAME = MY-HEX-CONV-CHAR,
	 LOCATION = ModuleLocation[offset=210,length=30],
	 MODULEID = 2002,
	 RELATEDFIELDS = [MY-HEX-CONV, MY-HEX-CONV-NUM],
	 READACCESSES = [],
	 WRITEACCESSES = []]

DataFlowNode 
 	 [TYPE = FIELD,
	 NAME = MY-HEX-CONV-NUM,
	 LOCATION = ModuleLocation[offset=306,length=56],
	 MODULEID = 2002,
	 RELATEDFIELDS = [FILLER-1, MY-HEX-CONV, MY-HEX-CONV-CHAR],
	 READACCESSES = [Compute],
	 WRITEACCESSES = []]

DataFlowNode 
 	 [TYPE = FIELD,
	 NAME = WS-INPUT,
	 LOCATION = ModuleLocation[offset=280,length=18],
	 MODULEID = 2002,
	 RELATEDFIELDS = [],
	 READACCESSES = [Compute],
	 WRITEACCESSES = []]

DataFlowNode 
 	 [TYPE = FIELD,
	 NAME = WS-ONE,
	 LOCATION = ModuleLocation[offset=248,length=24],
	 MODULEID = 2002,
	 RELATEDFIELDS = [],
	 READACCESSES = [Compute],
	 WRITEACCESSES = []]

DataFlowNode 
 	 [TYPE = FIELD,
	 NAME = WS-OUTPUTA,
	 LOCATION = ModuleLocation[offset=370,length=23],
	 MODULEID = 2002,
	 RELATEDFIELDS = [],
	 READACCESSES = [],
	 WRITEACCESSES = [Compute]]

DataFlowNode 
 	 [TYPE = FIELD,
	 NAME = WS-OUTPUTB,
	 LOCATION = ModuleLocation[offset=401,length=23],
	 MODULEID = 2002,
	 RELATEDFIELDS = [],
	 READACCESSES = [],
	 WRITEACCESSES = [Compute]]

DataFlowNode 
 	 [TYPE = STATEMENT,
	 NAME = Compute,
	 LOCATION = ModuleLocation[offset=464,length=38],
	 MODULEID = 2002,
	 RELATEDFIELDS = [],
	 READACCESSES = [WS-INPUT, WS-ONE],
	 WRITEACCESSES = [WS-OUTPUTA]]

DataFlowNode 
 	 [TYPE = STATEMENT,
	 NAME = Compute,
	 LOCATION = ModuleLocation[offset=515,length=51],
	 MODULEID = 2002,
	 RELATEDFIELDS = [],
	 READACCESSES = [FILLER-1, MY-HEX-CONV-NUM],
	 WRITEACCESSES = [WS-OUTPUTB]]

