DataFlowNode 
 	 [TYPE = STATEMENT,
	 NAME = Call,
	 LOCATION = ModuleLocation[offset=627,length=39],
	 MODULEID = 2009,
	 RELATEDFIELDS = [],
	 READACCESSES = [DUMMY, WS-FIELD-B-1],
	 WRITEACCESSES = [DUMMY, DUMMY, WS-FIELD-B-1, WS-FIELD-B-1]]

DataFlowNode 
 	 [TYPE = STATEMENT,
	 NAME = Call,
	 LOCATION = ModuleLocation[offset=677,length=39],
	 MODULEID = 2009,
	 RELATEDFIELDS = [],
	 READACCESSES = [DUMMY, WS-FIELD-B-2],
	 WRITEACCESSES = [DUMMY, DUMMY, WS-FIELD-B-2, WS-FIELD-B-2]]

DataFlowNode 
 	 [TYPE = STATEMENT,
	 NAME = Call,
	 LOCATION = ModuleLocation[offset=727,length=39],
	 MODULEID = 2009,
	 RELATEDFIELDS = [],
	 READACCESSES = [DUMMY, WS-FIELD-B-3],
	 WRITEACCESSES = [DUMMY, DUMMY, WS-FIELD-B-3, WS-FIELD-B-3]]

DataFlowNode 
 	 [TYPE = STATEMENT,
	 NAME = Call,
	 LOCATION = ModuleLocation[offset=777,length=39],
	 MODULEID = 2009,
	 RELATEDFIELDS = [],
	 READACCESSES = [DUMMY, WS-FIELD-B-4],
	 WRITEACCESSES = [DUMMY, DUMMY, WS-FIELD-B-4, WS-FIELD-B-4]]

DataFlowNode 
 	 [TYPE = STATEMENT,
	 NAME = Display,
	 LOCATION = ModuleLocation[offset=466,length=13],
	 MODULEID = 2008,
	 RELATEDFIELDS = [],
	 READACCESSES = [G1, G2],
	 WRITEACCESSES = []]

DataFlowNode 
 	 [TYPE = FIELD,
	 NAME = DUMMY,
	 LOCATION = ModuleLocation[offset=124,length=18],
	 MODULEID = 2009,
	 RELATEDFIELDS = [],
	 READACCESSES = [Call, Call, Call, Call],
	 WRITEACCESSES = [Call, Call, Call, Call]]

DataFlowNode 
 	 [TYPE = PROXY_FIELD,
	 NAME = DUMMY,
	 LOCATION = null,
	 MODULEID = 2009,
	 RELATEDFIELDS = [],
	 READACCESSES = [],
	 WRITEACCESSES = [Call]]

DataFlowNode 
 	 [TYPE = PROXY_FIELD,
	 NAME = DUMMY,
	 LOCATION = null,
	 MODULEID = 2009,
	 RELATEDFIELDS = [],
	 READACCESSES = [],
	 WRITEACCESSES = [Call]]

DataFlowNode 
 	 [TYPE = PROXY_FIELD,
	 NAME = DUMMY,
	 LOCATION = null,
	 MODULEID = 2009,
	 RELATEDFIELDS = [],
	 READACCESSES = [],
	 WRITEACCESSES = [Call]]

DataFlowNode 
 	 [TYPE = PROXY_FIELD,
	 NAME = DUMMY,
	 LOCATION = null,
	 MODULEID = 2009,
	 RELATEDFIELDS = [],
	 READACCESSES = [],
	 WRITEACCESSES = [Call]]

DataFlowNode 
 	 [TYPE = FIELD,
	 NAME = G1,
	 LOCATION = ModuleLocation[offset=177,length=6],
	 MODULEID = 2008,
	 RELATEDFIELDS = [G1, G1-F1, G1-F2, G1-F3, G1-F4],
	 READACCESSES = [Display],
	 WRITEACCESSES = []]

DataFlowNode 
 	 [TYPE = PROXY_FIELD,
	 NAME = G1,
	 LOCATION = null,
	 MODULEID = 2008,
	 RELATEDFIELDS = [G1],
	 READACCESSES = [],
	 WRITEACCESSES = []]

DataFlowNode 
 	 [TYPE = FIELD,
	 NAME = G1-F1,
	 LOCATION = ModuleLocation[offset=195,length=15],
	 MODULEID = 2008,
	 RELATEDFIELDS = [G1],
	 READACCESSES = [],
	 WRITEACCESSES = []]

DataFlowNode 
 	 [TYPE = FIELD,
	 NAME = G1-F2,
	 LOCATION = ModuleLocation[offset=222,length=15],
	 MODULEID = 2008,
	 RELATEDFIELDS = [G1],
	 READACCESSES = [],
	 WRITEACCESSES = []]

DataFlowNode 
 	 [TYPE = FIELD,
	 NAME = G1-F3,
	 LOCATION = ModuleLocation[offset=249,length=15],
	 MODULEID = 2008,
	 RELATEDFIELDS = [G1],
	 READACCESSES = [],
	 WRITEACCESSES = []]

DataFlowNode 
 	 [TYPE = FIELD,
	 NAME = G1-F4,
	 LOCATION = ModuleLocation[offset=276,length=15],
	 MODULEID = 2008,
	 RELATEDFIELDS = [G1],
	 READACCESSES = [],
	 WRITEACCESSES = []]

DataFlowNode 
 	 [TYPE = FIELD,
	 NAME = G2,
	 LOCATION = ModuleLocation[offset=301,length=6],
	 MODULEID = 2008,
	 RELATEDFIELDS = [G2],
	 READACCESSES = [Display],
	 WRITEACCESSES = []]

DataFlowNode 
 	 [TYPE = PROXY_FIELD,
	 NAME = G2,
	 LOCATION = null,
	 MODULEID = 2008,
	 RELATEDFIELDS = [G2],
	 READACCESSES = [],
	 WRITEACCESSES = []]

DataFlowNode 
 	 [TYPE = STATEMENT,
	 NAME = Procedure Division,
	 LOCATION = ModuleLocation[offset=424,length=18],
	 MODULEID = 2008,
	 RELATEDFIELDS = [],
	 READACCESSES = [],
	 WRITEACCESSES = []]

DataFlowNode 
 	 [TYPE = FIELD,
	 NAME = WS-FIELD-B-1,
	 LOCATION = ModuleLocation[offset=289,length=25],
	 MODULEID = 2009,
	 RELATEDFIELDS = [],
	 READACCESSES = [Call],
	 WRITEACCESSES = [Call]]

DataFlowNode 
 	 [TYPE = PROXY_FIELD,
	 NAME = WS-FIELD-B-1,
	 LOCATION = null,
	 MODULEID = 2009,
	 RELATEDFIELDS = [],
	 READACCESSES = [],
	 WRITEACCESSES = [Call]]

DataFlowNode 
 	 [TYPE = FIELD,
	 NAME = WS-FIELD-B-2,
	 LOCATION = ModuleLocation[offset=323,length=25],
	 MODULEID = 2009,
	 RELATEDFIELDS = [],
	 READACCESSES = [Call],
	 WRITEACCESSES = [Call]]

DataFlowNode 
 	 [TYPE = PROXY_FIELD,
	 NAME = WS-FIELD-B-2,
	 LOCATION = null,
	 MODULEID = 2009,
	 RELATEDFIELDS = [],
	 READACCESSES = [],
	 WRITEACCESSES = [Call]]

DataFlowNode 
 	 [TYPE = FIELD,
	 NAME = WS-FIELD-B-3,
	 LOCATION = ModuleLocation[offset=357,length=25],
	 MODULEID = 2009,
	 RELATEDFIELDS = [],
	 READACCESSES = [Call],
	 WRITEACCESSES = [Call]]

DataFlowNode 
 	 [TYPE = PROXY_FIELD,
	 NAME = WS-FIELD-B-3,
	 LOCATION = null,
	 MODULEID = 2009,
	 RELATEDFIELDS = [],
	 READACCESSES = [],
	 WRITEACCESSES = [Call]]

DataFlowNode 
 	 [TYPE = FIELD,
	 NAME = WS-FIELD-B-4,
	 LOCATION = ModuleLocation[offset=391,length=25],
	 MODULEID = 2009,
	 RELATEDFIELDS = [],
	 READACCESSES = [Call],
	 WRITEACCESSES = [Call]]

DataFlowNode 
 	 [TYPE = PROXY_FIELD,
	 NAME = WS-FIELD-B-4,
	 LOCATION = null,
	 MODULEID = 2009,
	 RELATEDFIELDS = [],
	 READACCESSES = [],
	 WRITEACCESSES = [Call]]

ProxyContainer [type=ENTRY_POINT, moduleId=2008, properties={}, fields=[DataFlowNode 
 	 [TYPE = PROXY_FIELD,
	 NAME = G1,
	 LOCATION = null,
	 MODULEID = 2008,
	 RELATEDFIELDS = [G1],
	 READACCESSES = [],
	 WRITEACCESSES = []], DataFlowNode 
 	 [TYPE = PROXY_FIELD,
	 NAME = G2,
	 LOCATION = null,
	 MODULEID = 2008,
	 RELATEDFIELDS = [G2],
	 READACCESSES = [],
	 WRITEACCESSES = []]], statementLocation=ModuleLocation[offset=424,length=18]]

ProxyContainer [type=CALL, moduleId=2009, properties={}, fields=[DataFlowNode 
 	 [TYPE = PROXY_FIELD,
	 NAME = DUMMY,
	 LOCATION = null,
	 MODULEID = 2009,
	 RELATEDFIELDS = [],
	 READACCESSES = [],
	 WRITEACCESSES = [Call]], DataFlowNode 
 	 [TYPE = PROXY_FIELD,
	 NAME = WS-FIELD-B-1,
	 LOCATION = null,
	 MODULEID = 2009,
	 RELATEDFIELDS = [],
	 READACCESSES = [],
	 WRITEACCESSES = [Call]]], statementLocation=ModuleLocation[offset=627,length=39]]

ProxyContainer [type=CALL, moduleId=2009, properties={}, fields=[DataFlowNode 
 	 [TYPE = PROXY_FIELD,
	 NAME = DUMMY,
	 LOCATION = null,
	 MODULEID = 2009,
	 RELATEDFIELDS = [],
	 READACCESSES = [],
	 WRITEACCESSES = [Call]], DataFlowNode 
 	 [TYPE = PROXY_FIELD,
	 NAME = WS-FIELD-B-2,
	 LOCATION = null,
	 MODULEID = 2009,
	 RELATEDFIELDS = [],
	 READACCESSES = [],
	 WRITEACCESSES = [Call]]], statementLocation=ModuleLocation[offset=677,length=39]]

ProxyContainer [type=CALL, moduleId=2009, properties={}, fields=[DataFlowNode 
 	 [TYPE = PROXY_FIELD,
	 NAME = DUMMY,
	 LOCATION = null,
	 MODULEID = 2009,
	 RELATEDFIELDS = [],
	 READACCESSES = [],
	 WRITEACCESSES = [Call]], DataFlowNode 
 	 [TYPE = PROXY_FIELD,
	 NAME = WS-FIELD-B-3,
	 LOCATION = null,
	 MODULEID = 2009,
	 RELATEDFIELDS = [],
	 READACCESSES = [],
	 WRITEACCESSES = [Call]]], statementLocation=ModuleLocation[offset=727,length=39]]

ProxyContainer [type=CALL, moduleId=2009, properties={}, fields=[DataFlowNode 
 	 [TYPE = PROXY_FIELD,
	 NAME = DUMMY,
	 LOCATION = null,
	 MODULEID = 2009,
	 RELATEDFIELDS = [],
	 READACCESSES = [],
	 WRITEACCESSES = [Call]], DataFlowNode 
 	 [TYPE = PROXY_FIELD,
	 NAME = WS-FIELD-B-4,
	 LOCATION = null,
	 MODULEID = 2009,
	 RELATEDFIELDS = [],
	 READACCESSES = [],
	 WRITEACCESSES = [Call]]], statementLocation=ModuleLocation[offset=777,length=39]]

