  #4 CFunctionDefinition, Function Name : main, FROM={TestEntryPoint}, TO={#10}
   #10 CDoWhileStatement, Label: do{ printf("inside the first while"); ++i; } while (i <= 5);, FROM={#16, #4}, TO={#11(LOOP BODY), #23(LOOP END)}
    #11 CExpressionStatement, FROM={#10(LOOP BODY)}, TO={#16}
      #13 CFunctionReference
    #16 CExpressionStatement, FROM={#11}, TO={#10}
   #23 CDoWhileStatement, Label: do{ printf("inside the second while"); ++i; } while (i <= 7);, FROM={#10(LOOP END), #29}, TO={#24(LOOP BODY), TestReturnPoint}
    #24 CExpressionStatement, FROM={#23(LOOP BODY)}, TO={#29}
      #26 CFunctionReference
    #29 CExpressionStatement, FROM={#24}, TO={#23}
