  #4 CFunctionDefinition, Function Name : main, FROM={TestEntryPoint}, TO={#10}
   #10 CForStatement, Label: for (int i=1; i<6; i++) { printf("Inside the for loop"); if(a > b){ continue; } printf("Should be unreachable"); }, FROM={#37, #38, #4}, TO={#25(LOOP BODY), #43(LOOP END)}
    #25 CExpressionStatement, FROM={#10(LOOP BODY)}, TO={#30}
      #27 CFunctionReference
    #30 CIfElseStatement, Label: if(a > b){ continue; }, FROM={#25}, TO={#37(TRUE), #38(FALSE)}
      #37 CContinueStatement, FROM={#30(TRUE)}, TO={#10}
    #38 CExpressionStatement, FROM={#30(FALSE)}, TO={#10}
      #40 CFunctionReference
   #43 CExpressionStatement, FROM={#10(LOOP END)}, TO={#48}
     #45 CFunctionReference
   #48 CForStatement, Label: for (int i=1; i<6; i++) { continue; printf("Unreachable Inside the for loop"); }, FROM={#43, #63}, TO={#63(LOOP BODY), TestReturnPoint}
    #63 CContinueStatement, FROM={#48(LOOP BODY)}, TO={#48}
    #64 CExpressionStatement
      #66 CFunctionReference
