 #2 DefineDataStmt
 #8 IfStmt, Label: IF #value, FROM={TestEntryPoint}, TO={#12(TRUE), #14(FALSE)}
   #12 IncludeStmt, FROM={#8(TRUE)}, TO={#14}
 #14 EndStmt, FROM={#12, #8(FALSE)}, TO={TestReturnPoint}
