#5 ProcedureDivision
 #6 CobolPerformStmt TESTPARA, FROM={TestEntryPoint}, TO={#9}
  #7 CobolFieldReference
 #8 CobolGoBackStmt, FROM={#10}, TO={TestReturnPoint}
 #9 CobolLabelStmt TESTPARA , FROM={#6}, TO={#10}
  #10 CobolStartStmt, FROM={#9}, TO={#8}
   #13 CobolComparisonExpression
 #18 CobolLabelStmt UNREACHABLE 
  #19 CobolDisplayStmt 'UNREACHABLE'
