  #5 JavaMethodDeclaration, FROM={TestEntryPoint}, TO={TestReturnPoint}
   #16 JavaBlock
