 #2 DefineDataStmt
 #12 FindStmt, Label: FIND EMP PERSONNEL-ID GT '30000311', FROM={#18, TestEntryPoint}, TO={#18(LOOP BODY), #22(LOOP END)}
  #18 WRITE NOTITLE '0', FROM={#12(LOOP BODY)}, TO={#12}
 #22 FindStmt, Label: FIND EMP WITH PERSONNEL-ID GT '40000311' SORTED BY PERSONNEL-ID WHERE *TRANSLATE(JOB-TITLE, UPPER) = 'INGENIEUR COMMERCIAL', FROM={#12(LOOP END), #37}, TO={#37(LOOP BODY), #41(LOOP END)}
  #37 WRITE NOTITLE '1', FROM={#22(LOOP BODY)}, TO={#22}
 #41 FindStmt, Label: FIND (5) EMP WITH PERSONNEL-ID GT '40000311' SORTED BY PERSONNEL-ID WHERE *TRANSLATE(JOB-TITLE, UPPER) = 'INGENIEUR COMMERCIAL', FROM={#22(LOOP END), #57}, TO={#57(LOOP BODY), #61(LOOP END)}
  #57 WRITE NOTITLE '2', FROM={#41(LOOP BODY)}, TO={#41}
 #61 FindStmt, Label: FIND (#VAR1) IN EMP WITH PERSONNEL-ID GT '40000311' AND JOB-TITLE EQ 'IT' OR JOB-TITLE EQ 'IT2' WHERE *TRANSLATE(JOB-TITLE, UPPER) = 'INGENIEUR COMMERCIAL', FROM={#41(LOOP END), #87}, TO={#87(LOOP BODY), #91(LOOP END)}
  #87 WRITE NOTITLE '3', FROM={#61(LOOP BODY)}, TO={#61}
 #91 FindStmt, Label: FIND FIRST EMP WITH PERSONNEL-ID GT '50000311' WHERE *TRANSLATE(JOB-TITLE, UPPER) = 'IT Guy', FROM={#105, #61(LOOP END)}, TO={#105(LOOP BODY), #109(LOOP END)}
  #105 WRITE NOTITLE '4', FROM={#91(LOOP BODY)}, TO={#91}
 #109 FindStmt, Label: FIND UNIQUE EMP WITH PERSONNEL-ID GT '60000311' WHERE *TRANSLATE(JOB-TITLE, UPPER) = 'IT Guy2', FROM={#123, #91(LOOP END)}, TO={#123(LOOP BODY), #127(LOOP END)}
  #123 WRITE NOTITLE '5', FROM={#109(LOOP BODY)}, TO={#109}
 #127 FindStmt, Label: FIND (10) EMP FIRST-NAME NE 'MORENO' STARTING WITH ISN = #VAR1 SORTED BY FIRST-NAME, FROM={#109(LOOP END), #137}, TO={#137(LOOP BODY), #141(LOOP END)}
  #137 WRITE NOTITLE '6', FROM={#127(LOOP BODY)}, TO={#127}
 #141 EndStmt, FROM={#127(LOOP END)}, TO={TestReturnPoint}
