 #2 DefineDataStmt
 #36 ForStmt, Label: FOR #I FROM #START TO #ENDE STEP #STEP, FROM={#47, TestEntryPoint}, TO={#44(LOOP BODY), #51(LOOP END)}
  #44 AddStmt, FROM={#36(LOOP BODY)}, TO={#47}
  #47 WRITE '1', FROM={#44}, TO={#36}
 #51 ForStmt, Label: FOR #I FROM #START TO #ENDE STEP -1, FROM={#36(LOOP END), #61}, TO={#58(LOOP BODY), #65(LOOP END)}
  #58 AddStmt, FROM={#51(LOOP BODY)}, TO={#61}
  #61 WRITE '2', FROM={#58}, TO={#51}
 #65 ForStmt, Label: FOR #I 1 TO 10, FROM={#51(LOOP END), #69}, TO={#69(LOOP BODY), #73(LOOP END)}
  #69 WRITE '3', FROM={#65(LOOP BODY)}, TO={#65}
 #73 ForStmt, Label: FOR #INDEX1 1 TO 10 STEP 2, FROM={#65(LOOP END), #78}, TO={#78(LOOP BODY), #82(LOOP END)}
  #78 WRITE '4', FROM={#73(LOOP BODY)}, TO={#73}
 #82 ForStmt, Label: FOR #I := 1 THRU #ENDE STEP 1, FROM={#73(LOOP END), #88}, TO={#88(LOOP BODY), #92(LOOP END)}
  #88 WRITE '4', FROM={#82(LOOP BODY)}, TO={#82}
 #92 ForStmt, Label: FOR #I EQ 1 TO 3, FROM={#82(LOOP END), #96}, TO={#100(LOOP END), #96(LOOP BODY)}
  #96 WRITE '5', FROM={#92(LOOP BODY)}, TO={#92}
 #100 EndStmt, FROM={#92(LOOP END)}, TO={TestReturnPoint}
