<?xml version="1.0" encoding="UTF-8" standalone="yes"?>
<search-orders>
	<search-order>
		<!-- Referencing a file with incorrect package -->
		<source pattern="src/java/WMIN3202/pro4/**/*"/>
		<target pattern="src/java/WMIN3202/pro4/de/iw/**/*"/>
	</search-order>
</search-orders>
