 #2 DefineDataStmt
 #92 FormatStmt
 #95 SetControlStmt, FROM={TestEntryPoint}, TO={#97}
 #97 WRITE (1) NOTITLE *PROGRAM, FROM={#95}, TO={#101}
 #101 PerformStmt, FROM={#97}, TO={#105}
 #102 PerformStmt, FROM={#162}, TO={#191}
 #103 PerformStmt, FROM={#248}, TO={#277}
 #104 DefineSubroutineStmt
  #105 WRITE (1) NOTITLE 'ALPHANUMERIC-TEST', FROM={#101}, TO={#109}
  #109 StackStmt, FROM={#105}, TO={#119}
  #119 InputStmt, FROM={#109}, TO={#134}
  #134 WRITE (1) NOTITLE 'to stack:  ' '=' #A8 '=' #A9 '=' #A8-N '=' #A9-N, FROM={#119}, TO={#162}
  #162 WRITE (1) NOTITLE 'from stack:' '=' #I-N5 '=' #I-N52 '=' #I-N5-N '=' #I-N52-N, FROM={#134}, TO={#102}
 #190 DefineSubroutineStmt
  #191 WRITE (1) NOTITLE 'NUMERIC-TEST', FROM={#102}, TO={#195}
  #195 StackStmt, FROM={#191}, TO={#205}
  #205 InputStmt, FROM={#195}, TO={#220}
  #220 WRITE (1) NOTITLE 'to stack:  ' '=' #O-N5 '=' #O-N52 '=' #O-N5-N '=' #O-N52-N, FROM={#205}, TO={#248}
  #248 WRITE (1) NOTITLE 'from stack:' '=' #I-N5 '=' #I-N52 '=' #I-N5-N '=' #I-N52-N, FROM={#220}, TO={#103}
 #276 DefineSubroutineStmt
  #277 WRITE (1) NOTITLE 'PACKED-TEST', FROM={#103}, TO={#281}
  #281 StackStmt, FROM={#277}, TO={#291}
  #291 InputStmt, FROM={#281}, TO={#306}
  #306 WRITE (1) NOTITLE 'to stack:  ' '=' #O-P5 '=' #O-P52 '=' #O-P5-N '=' #O-P52-N, FROM={#291}, TO={#334}
  #334 WRITE (1) NOTITLE 'from stack:' '=' #I-N5 '=' #I-N52 '=' #I-N5-N '=' #I-N52-N, FROM={#306}, TO={#362}
 #362 EndStmt, FROM={#334}, TO={TestReturnPoint}
