{
  "object" : {
    "className" : "innowake.mining.shared.model.datalineage.graph.DataFlowGraph",
    "nodes" : [ ]
  }
}