{
  "object" : {
    "className" : "innowake.mining.shared.model.datalineage.graph.DataFlowGraph",
    "nodes" : [ {
      "type" : "MODULE",
      "id" : "module-2007",
      "moduleId" : 2007,
      "name" : "TEST10a",
      "location" : {
        "offset" : 0,
        "length" : 0
      },
      "incomings" : [ ],
      "outgoings" : [ ],
      "direction" : null,
      "parentModule" : null,
      "children" : [ "module-2007-field-165", "module-2007-field-182", "module-2007-field-209" ],
      "statementLabel" : "",
      "sourceLocation" : null,
      "dataInterfaces" : [ ]
    }, {
      "type" : "FIELD",
      "id" : "module-2007-field-165",
      "name" : "A",
      "location" : {
        "offset" : 165,
        "length" : 6
      },
      "incomings" : [ "module-2007-field-182", "module-2007-field-209" ],
      "outgoings" : [ "module-2007-field-182", "module-2007-field-209" ],
      "direction" : "BOTH",
      "parentModule" : "module-2007",
      "children" : [ ],
      "statementLabel" : "",
      "sourceLocation" : {
        "moduleId" : 2008,
        "moduleName" : "TEST10b",
        "moduleLocation" : {
          "offset" : 8,
          "length" : 6
        }
      }
    }, {
      "type" : "FIELD",
      "id" : "module-2007-field-182",
      "name" : "B",
      "location" : {
        "offset" : 182,
        "length" : 16
      },
      "incomings" : [ "module-2007-field-165" ],
      "outgoings" : [ "module-2007-field-165" ],
      "direction" : "BOTH",
      "parentModule" : "module-2007",
      "children" : [ ],
      "statementLabel" : "",
      "sourceLocation" : {
        "moduleId" : 2008,
        "moduleName" : "TEST10b",
        "moduleLocation" : {
          "offset" : 25,
          "length" : 16
        }
      }
    }, {
      "type" : "FIELD",
      "id" : "module-2007-field-209",
      "name" : "C",
      "location" : {
        "offset" : 209,
        "length" : 16
      },
      "incomings" : [ "module-2007-field-165" ],
      "outgoings" : [ "module-2007-field-165" ],
      "direction" : "BOTH",
      "parentModule" : "module-2007",
      "children" : [ ],
      "statementLabel" : "",
      "sourceLocation" : {
        "moduleId" : 2008,
        "moduleName" : "TEST10b",
        "moduleLocation" : {
          "offset" : 52,
          "length" : 16
        }
      }
    } ]
  }
}