AstNode [type=ImpProgramObjectImpl, moduleId=1, location=AstNodeLocation [retracedOffset=0, retracedLength=1097, assembledOffset=0, assembledLength=1097, rootRelativeOffset=0, rootRelativeLength=1097, rootRelativeStartLineNumber=1, rootRelativeEndLineNumber=25], inclusionLevel=-1, inclusionOrdinal=-1, hasAstModuleId=1]
 AstNode [type=DefineDataStmt, moduleId=1, location=AstNodeLocation [retracedOffset=0, retracedLength=158, assembledOffset=0, assembledLength=158, rootRelativeOffset=0, rootRelativeLength=158, rootRelativeStartLineNumber=1, rootRelativeEndLineNumber=3], inclusionLevel=-1, inclusionOrdinal=-1]
  AstNode [type=NaturalDataAreaNode, moduleId=1, location=AstNodeLocation [retracedOffset=12, retracedLength=75, assembledOffset=12, assembledLength=75, rootRelativeOffset=12, rootRelativeLength=75, rootRelativeStartLineNumber=1, rootRelativeEndLineNumber=2], inclusionLevel=-1, inclusionOrdinal=-1, properties=[dataAreaType=LOCAL]]
   AstNode [type=Variable, moduleId=1, location=AstNodeLocation [retracedOffset=76, retracedLength=11, assembledOffset=76, assembledLength=11, rootRelativeOffset=76, rootRelativeLength=11, rootRelativeStartLineNumber=2, rootRelativeEndLineNumber=2], inclusionLevel=-1, inclusionOrdinal=-1, properties=[byteLength=1, languageType=N, name=#FIELD, nameLength=6, nameOffset=0]]
    AstNode [type=Simple, moduleId=1, location=AstNodeLocation [retracedOffset=83, retracedLength=4, assembledOffset=83, assembledLength=4, rootRelativeOffset=83, rootRelativeLength=4, rootRelativeStartLineNumber=2, rootRelativeEndLineNumber=2], inclusionLevel=-1, inclusionOrdinal=-1]
     AstNode [type=Numeric, moduleId=1, location=AstNodeLocation [retracedOffset=84, retracedLength=2, assembledOffset=84, assembledLength=2, rootRelativeOffset=84, rootRelativeLength=2, rootRelativeStartLineNumber=2, rootRelativeEndLineNumber=2], inclusionLevel=-1, inclusionOrdinal=-1]
    AstNode [type=NotInitialized, moduleId=1, location=AstNodeLocation [retracedOffset=-1, retracedLength=1, assembledOffset=-1, assembledLength=1, rootRelativeOffset=-1, rootRelativeLength=1, rootRelativeStartLineNumber=0, rootRelativeEndLineNumber=1], inclusionLevel=-1, inclusionOrdinal=-1]
 AstNode [type=InputStmt, moduleId=1, location=AstNodeLocation [retracedOffset=224, retracedLength=56, assembledOffset=224, assembledLength=56, rootRelativeOffset=224, rootRelativeLength=56, rootRelativeStartLineNumber=5, rootRelativeEndLineNumber=5], inclusionLevel=-1, inclusionOrdinal=-1, properties=[uiStmtType=INPUT]]
  AstNode [type=NoText, moduleId=1, location=AstNodeLocation [retracedOffset=-1, retracedLength=1, assembledOffset=-1, assembledLength=1, rootRelativeOffset=-1, rootRelativeLength=1, rootRelativeStartLineNumber=0, rootRelativeEndLineNumber=1], inclusionLevel=-1, inclusionOrdinal=-1]
  AstNode [type=NoMark, moduleId=1, location=AstNodeLocation [retracedOffset=-1, retracedLength=1, assembledOffset=-1, assembledLength=1, rootRelativeOffset=-1, rootRelativeLength=1, rootRelativeStartLineNumber=0, rootRelativeEndLineNumber=1], inclusionLevel=-1, inclusionOrdinal=-1]
  AstNode [type=Line, moduleId=1, location=AstNodeLocation [retracedOffset=230, retracedLength=34, assembledOffset=230, assembledLength=34, rootRelativeOffset=230, rootRelativeLength=34, rootRelativeStartLineNumber=5, rootRelativeEndLineNumber=5], inclusionLevel=-1, inclusionOrdinal=-1]
   AstNode [type=InputText, moduleId=1, location=AstNodeLocation [retracedOffset=230, retracedLength=34, assembledOffset=230, assembledLength=34, rootRelativeOffset=230, rootRelativeLength=34, rootRelativeStartLineNumber=5, rootRelativeEndLineNumber=5], inclusionLevel=-1, inclusionOrdinal=-1]
    AstNode [type=StringConstant, moduleId=1, location=AstNodeLocation [retracedOffset=230, retracedLength=34, assembledOffset=230, assembledLength=34, rootRelativeOffset=230, rootRelativeLength=34, rootRelativeStartLineNumber=5, rootRelativeEndLineNumber=5], inclusionLevel=-1, inclusionOrdinal=-1]
  AstNode [type=Line, moduleId=1, location=AstNodeLocation [retracedOffset=265, retracedLength=15, assembledOffset=265, assembledLength=15, rootRelativeOffset=265, rootRelativeLength=15, rootRelativeStartLineNumber=5, rootRelativeEndLineNumber=5], inclusionLevel=-1, inclusionOrdinal=-1]
   AstNode [type=InputField, moduleId=1, location=AstNodeLocation [retracedOffset=265, retracedLength=6, assembledOffset=265, assembledLength=6, rootRelativeOffset=265, rootRelativeLength=6, rootRelativeStartLineNumber=5, rootRelativeEndLineNumber=5], inclusionLevel=-1, inclusionOrdinal=-1]
    AstNode [type=Var, moduleId=1, location=AstNodeLocation [retracedOffset=265, retracedLength=6, assembledOffset=265, assembledLength=6, rootRelativeOffset=265, rootRelativeLength=6, rootRelativeStartLineNumber=5, rootRelativeEndLineNumber=5], inclusionLevel=-1, inclusionOrdinal=-1, relations={ REFERS [to=Variable[#FIELD (N1)]], BINDING [to=Variable[#FIELD (N1)], label=definedBy] }, properties=[unresolvedFieldName=#FIELD]]
   AstNode [type=Sg, moduleId=1, location=AstNodeLocation [retracedOffset=273, retracedLength=6, assembledOffset=273, assembledLength=6, rootRelativeOffset=273, rootRelativeLength=6, rootRelativeStartLineNumber=5, rootRelativeEndLineNumber=5], inclusionLevel=-1, inclusionOrdinal=-1]
 AstNode [type=DecideOnStmt, moduleId=1, location=AstNodeLocation [retracedOffset=300, retracedLength=790, assembledOffset=300, assembledLength=790, rootRelativeOffset=300, rootRelativeLength=790, rootRelativeStartLineNumber=7, rootRelativeEndLineNumber=23], inclusionLevel=-1, inclusionOrdinal=-1, properties=[conditionPaths=[[1,0],[2,0],[3,0]], LABEL_END_OFFSET=365, LABEL_START_OFFSET=300]]
  AstNode [type=Every, moduleId=1, location=AstNodeLocation [retracedOffset=-1, retracedLength=1, assembledOffset=-1, assembledLength=1, rootRelativeOffset=-1, rootRelativeLength=1, rootRelativeStartLineNumber=0, rootRelativeEndLineNumber=1], inclusionLevel=-1, inclusionOrdinal=-1]
  AstNode [type=Ref, moduleId=1, location=AstNodeLocation [retracedOffset=360, retracedLength=6, assembledOffset=360, assembledLength=6, rootRelativeOffset=360, rootRelativeLength=6, rootRelativeStartLineNumber=12, rootRelativeEndLineNumber=12], inclusionLevel=-1, inclusionOrdinal=-1]
   AstNode [type=Var, moduleId=1, location=AstNodeLocation [retracedOffset=360, retracedLength=6, assembledOffset=360, assembledLength=6, rootRelativeOffset=360, rootRelativeLength=6, rootRelativeStartLineNumber=12, rootRelativeEndLineNumber=12], inclusionLevel=-1, inclusionOrdinal=-1, relations={ REFERS [to=Variable[#FIELD (N1)]], BINDING [to=Variable[#FIELD (N1)], label=definedBy] }, properties=[unresolvedFieldName=#FIELD]]
  AstNode [type=ImpDecideOnClauseImpl, moduleId=1, location=AstNodeLocation [retracedOffset=370, retracedLength=108, assembledOffset=370, assembledLength=108, rootRelativeOffset=370, rootRelativeLength=108, rootRelativeStartLineNumber=13, rootRelativeEndLineNumber=14], inclusionLevel=-1, inclusionOrdinal=-1]
   AstNode [type=ValueRange, moduleId=1, location=AstNodeLocation [retracedOffset=376, retracedLength=5, assembledOffset=376, assembledLength=5, rootRelativeOffset=376, rootRelativeLength=5, rootRelativeStartLineNumber=13, rootRelativeEndLineNumber=13], inclusionLevel=-1, inclusionOrdinal=-1]
    AstNode [type=IntegerConstant, moduleId=1, location=AstNodeLocation [retracedOffset=376, retracedLength=1, assembledOffset=376, assembledLength=1, rootRelativeOffset=376, rootRelativeLength=1, rootRelativeStartLineNumber=13, rootRelativeEndLineNumber=13], inclusionLevel=-1, inclusionOrdinal=-1]
    AstNode [type=IntegerConstant, moduleId=1, location=AstNodeLocation [retracedOffset=380, retracedLength=1, assembledOffset=380, assembledLength=1, rootRelativeOffset=380, rootRelativeLength=1, rootRelativeStartLineNumber=13, rootRelativeEndLineNumber=13], inclusionLevel=-1, inclusionOrdinal=-1]
   AstNode [type=WriteStmt, moduleId=1, location=AstNodeLocation [retracedOffset=446, retracedLength=32, assembledOffset=446, assembledLength=32, rootRelativeOffset=446, rootRelativeLength=32, rootRelativeStartLineNumber=14, rootRelativeEndLineNumber=14], inclusionLevel=-1, inclusionOrdinal=-1, properties=[uiStmtType=WRITE]]
    AstNode [type=Line, moduleId=1, location=AstNodeLocation [retracedOffset=452, retracedLength=26, assembledOffset=452, assembledLength=26, rootRelativeOffset=452, rootRelativeLength=26, rootRelativeStartLineNumber=14, rootRelativeEndLineNumber=14], inclusionLevel=-1, inclusionOrdinal=-1]
     AstNode [type=InputText, moduleId=1, location=AstNodeLocation [retracedOffset=452, retracedLength=26, assembledOffset=452, assembledLength=26, rootRelativeOffset=452, rootRelativeLength=26, rootRelativeStartLineNumber=14, rootRelativeEndLineNumber=14], inclusionLevel=-1, inclusionOrdinal=-1]
      AstNode [type=StringConstant, moduleId=1, location=AstNodeLocation [retracedOffset=452, retracedLength=26, assembledOffset=452, assembledLength=26, rootRelativeOffset=452, rootRelativeLength=26, rootRelativeStartLineNumber=14, rootRelativeEndLineNumber=14], inclusionLevel=-1, inclusionOrdinal=-1]
  AstNode [type=ImpDecideOnClauseImpl, moduleId=1, location=AstNodeLocation [retracedOffset=518, retracedLength=108, assembledOffset=518, assembledLength=108, rootRelativeOffset=518, rootRelativeLength=108, rootRelativeStartLineNumber=15, rootRelativeEndLineNumber=16], inclusionLevel=-1, inclusionOrdinal=-1]
   AstNode [type=ValueRange, moduleId=1, location=AstNodeLocation [retracedOffset=524, retracedLength=5, assembledOffset=524, assembledLength=5, rootRelativeOffset=524, rootRelativeLength=5, rootRelativeStartLineNumber=15, rootRelativeEndLineNumber=15], inclusionLevel=-1, inclusionOrdinal=-1]
    AstNode [type=IntegerConstant, moduleId=1, location=AstNodeLocation [retracedOffset=524, retracedLength=1, assembledOffset=524, assembledLength=1, rootRelativeOffset=524, rootRelativeLength=1, rootRelativeStartLineNumber=15, rootRelativeEndLineNumber=15], inclusionLevel=-1, inclusionOrdinal=-1]
    AstNode [type=IntegerConstant, moduleId=1, location=AstNodeLocation [retracedOffset=528, retracedLength=1, assembledOffset=528, assembledLength=1, rootRelativeOffset=528, rootRelativeLength=1, rootRelativeStartLineNumber=15, rootRelativeEndLineNumber=15], inclusionLevel=-1, inclusionOrdinal=-1]
   AstNode [type=WriteStmt, moduleId=1, location=AstNodeLocation [retracedOffset=594, retracedLength=32, assembledOffset=594, assembledLength=32, rootRelativeOffset=594, rootRelativeLength=32, rootRelativeStartLineNumber=16, rootRelativeEndLineNumber=16], inclusionLevel=-1, inclusionOrdinal=-1, properties=[uiStmtType=WRITE]]
    AstNode [type=Line, moduleId=1, location=AstNodeLocation [retracedOffset=600, retracedLength=26, assembledOffset=600, assembledLength=26, rootRelativeOffset=600, rootRelativeLength=26, rootRelativeStartLineNumber=16, rootRelativeEndLineNumber=16], inclusionLevel=-1, inclusionOrdinal=-1]
     AstNode [type=InputText, moduleId=1, location=AstNodeLocation [retracedOffset=600, retracedLength=26, assembledOffset=600, assembledLength=26, rootRelativeOffset=600, rootRelativeLength=26, rootRelativeStartLineNumber=16, rootRelativeEndLineNumber=16], inclusionLevel=-1, inclusionOrdinal=-1]
      AstNode [type=StringConstant, moduleId=1, location=AstNodeLocation [retracedOffset=600, retracedLength=26, assembledOffset=600, assembledLength=26, rootRelativeOffset=600, rootRelativeLength=26, rootRelativeStartLineNumber=16, rootRelativeEndLineNumber=16], inclusionLevel=-1, inclusionOrdinal=-1]
  AstNode [type=ImpDecideOnClauseImpl, moduleId=1, location=AstNodeLocation [retracedOffset=666, retracedLength=108, assembledOffset=666, assembledLength=108, rootRelativeOffset=666, rootRelativeLength=108, rootRelativeStartLineNumber=17, rootRelativeEndLineNumber=18], inclusionLevel=-1, inclusionOrdinal=-1]
   AstNode [type=AnyValue, moduleId=1, location=AstNodeLocation [retracedOffset=-1, retracedLength=1, assembledOffset=-1, assembledLength=1, rootRelativeOffset=-1, rootRelativeLength=1, rootRelativeStartLineNumber=0, rootRelativeEndLineNumber=1], inclusionLevel=-1, inclusionOrdinal=-1]
   AstNode [type=WriteStmt, moduleId=1, location=AstNodeLocation [retracedOffset=742, retracedLength=32, assembledOffset=742, assembledLength=32, rootRelativeOffset=742, rootRelativeLength=32, rootRelativeStartLineNumber=18, rootRelativeEndLineNumber=18], inclusionLevel=-1, inclusionOrdinal=-1, properties=[uiStmtType=WRITE]]
    AstNode [type=Line, moduleId=1, location=AstNodeLocation [retracedOffset=748, retracedLength=26, assembledOffset=748, assembledLength=26, rootRelativeOffset=748, rootRelativeLength=26, rootRelativeStartLineNumber=18, rootRelativeEndLineNumber=18], inclusionLevel=-1, inclusionOrdinal=-1]
     AstNode [type=InputText, moduleId=1, location=AstNodeLocation [retracedOffset=748, retracedLength=26, assembledOffset=748, assembledLength=26, rootRelativeOffset=748, rootRelativeLength=26, rootRelativeStartLineNumber=18, rootRelativeEndLineNumber=18], inclusionLevel=-1, inclusionOrdinal=-1]
      AstNode [type=StringConstant, moduleId=1, location=AstNodeLocation [retracedOffset=748, retracedLength=26, assembledOffset=748, assembledLength=26, rootRelativeOffset=748, rootRelativeLength=26, rootRelativeStartLineNumber=18, rootRelativeEndLineNumber=18], inclusionLevel=-1, inclusionOrdinal=-1]
  AstNode [type=ImpDecideOnClauseImpl, moduleId=1, location=AstNodeLocation [retracedOffset=814, retracedLength=108, assembledOffset=814, assembledLength=108, rootRelativeOffset=814, rootRelativeLength=108, rootRelativeStartLineNumber=19, rootRelativeEndLineNumber=20], inclusionLevel=-1, inclusionOrdinal=-1]
   AstNode [type=AllValues, moduleId=1, location=AstNodeLocation [retracedOffset=-1, retracedLength=1, assembledOffset=-1, assembledLength=1, rootRelativeOffset=-1, rootRelativeLength=1, rootRelativeStartLineNumber=0, rootRelativeEndLineNumber=1], inclusionLevel=-1, inclusionOrdinal=-1]
   AstNode [type=WriteStmt, moduleId=1, location=AstNodeLocation [retracedOffset=890, retracedLength=32, assembledOffset=890, assembledLength=32, rootRelativeOffset=890, rootRelativeLength=32, rootRelativeStartLineNumber=20, rootRelativeEndLineNumber=20], inclusionLevel=-1, inclusionOrdinal=-1, properties=[uiStmtType=WRITE]]
    AstNode [type=Line, moduleId=1, location=AstNodeLocation [retracedOffset=896, retracedLength=26, assembledOffset=896, assembledLength=26, rootRelativeOffset=896, rootRelativeLength=26, rootRelativeStartLineNumber=20, rootRelativeEndLineNumber=20], inclusionLevel=-1, inclusionOrdinal=-1]
     AstNode [type=InputText, moduleId=1, location=AstNodeLocation [retracedOffset=896, retracedLength=26, assembledOffset=896, assembledLength=26, rootRelativeOffset=896, rootRelativeLength=26, rootRelativeStartLineNumber=20, rootRelativeEndLineNumber=20], inclusionLevel=-1, inclusionOrdinal=-1]
      AstNode [type=StringConstant, moduleId=1, location=AstNodeLocation [retracedOffset=896, retracedLength=26, assembledOffset=896, assembledLength=26, rootRelativeOffset=896, rootRelativeLength=26, rootRelativeStartLineNumber=20, rootRelativeEndLineNumber=20], inclusionLevel=-1, inclusionOrdinal=-1]
  AstNode [type=ImpDecideOnClauseImpl, moduleId=1, location=AstNodeLocation [retracedOffset=962, retracedLength=112, assembledOffset=962, assembledLength=112, rootRelativeOffset=962, rootRelativeLength=112, rootRelativeStartLineNumber=21, rootRelativeEndLineNumber=22], inclusionLevel=-1, inclusionOrdinal=-1]
   AstNode [type=NoValue, moduleId=1, location=AstNodeLocation [retracedOffset=-1, retracedLength=1, assembledOffset=-1, assembledLength=1, rootRelativeOffset=-1, rootRelativeLength=1, rootRelativeStartLineNumber=0, rootRelativeEndLineNumber=1], inclusionLevel=-1, inclusionOrdinal=-1]
   AstNode [type=WriteStmt, moduleId=1, location=AstNodeLocation [retracedOffset=1038, retracedLength=36, assembledOffset=1038, assembledLength=36, rootRelativeOffset=1038, rootRelativeLength=36, rootRelativeStartLineNumber=22, rootRelativeEndLineNumber=22], inclusionLevel=-1, inclusionOrdinal=-1, properties=[uiStmtType=WRITE]]
    AstNode [type=Line, moduleId=1, location=AstNodeLocation [retracedOffset=1044, retracedLength=30, assembledOffset=1044, assembledLength=30, rootRelativeOffset=1044, rootRelativeLength=30, rootRelativeStartLineNumber=22, rootRelativeEndLineNumber=22], inclusionLevel=-1, inclusionOrdinal=-1]
     AstNode [type=InputText, moduleId=1, location=AstNodeLocation [retracedOffset=1044, retracedLength=30, assembledOffset=1044, assembledLength=30, rootRelativeOffset=1044, rootRelativeLength=30, rootRelativeStartLineNumber=22, rootRelativeEndLineNumber=22], inclusionLevel=-1, inclusionOrdinal=-1]
      AstNode [type=StringConstant, moduleId=1, location=AstNodeLocation [retracedOffset=1044, retracedLength=30, assembledOffset=1044, assembledLength=30, rootRelativeOffset=1044, rootRelativeLength=30, rootRelativeStartLineNumber=22, rootRelativeEndLineNumber=22], inclusionLevel=-1, inclusionOrdinal=-1]
 AstNode [type=EndStmt, moduleId=1, location=AstNodeLocation [retracedOffset=1094, retracedLength=3, assembledOffset=1094, assembledLength=3, rootRelativeOffset=1094, rootRelativeLength=3, rootRelativeStartLineNumber=25, rootRelativeEndLineNumber=25], inclusionLevel=-1, inclusionOrdinal=-1]
