#7 ProcedureDivision
 #8 CobolPerformStmt <branch stmt>, FROM={#11, TestEntryPoint}, TO={#11(EXECUTE), #14(EXIT LOOP)}
  #11 CobolDisplayStmt ' 123 ', FROM={#8(EXECUTE)}, TO={#8}
 #14 CobolGoBackStmt, FROM={#8(EXIT LOOP)}, TO={TestReturnPoint}
 #15 CobolEndStmt
