 #2 ProcedureBlock, FROM={TestEntryPoint}, TO={#6}
  #6 ProcedureStatement, FROM={#2}, TO={#15}
  #15 SelectGroup, Label: SELECT (RESULT); WHEN (RESULT) PUT SKIP LIST(' MATCH FOUND'); OTHERWISE PUT SKIP LIST(' NO MATCH FOUND'); END;, FROM={#6}, TO={#33(RESULT), #50(OTHERWISE)}
   #16 SelectStatement
   #25 WhenStatement
    #33 PutStatement, FROM={#15(RESULT)}, TO={#65}
   #48 OtherwiseStatement
    #50 PutStatement, FROM={#15(OTHERWISE)}, TO={#65}
   #65 EndStatement, FROM={#33, #50}, TO={#68}
  #68 EndStatement, FROM={#65}, TO={TestHaltPoint}
