#8 ProcedureDivision
 #9 CobolMoveStmt, FROM={TestEntryPoint}, TO={#14}
 #14 CobolEvaluateStmt <branch stmt>, Label: EVALUATE TESTFIELD, FROM={#9}, TO={#18(1), #23(2), #28(3), #33(4), #41(5), #46(6), #51(7), #56(8), #64(OTHER)}
  #15 CobolEvaluateCondition
  #18 CobolWhenStmt, FROM={#14(1)}, TO={#38}
   #19 CobolComparisonExpression
    #20 CobolEvaluationReference
  #23 CobolWhenStmt, FROM={#14(2)}, TO={#38}
   #24 CobolComparisonExpression
    #25 CobolEvaluationReference
  #28 CobolWhenStmt, FROM={#14(3)}, TO={#38}
   #29 CobolComparisonExpression
    #30 CobolEvaluationReference
  #33 CobolWhenStmt, FROM={#14(4)}, TO={#38}
   #34 CobolComparisonExpression
    #35 CobolEvaluationReference
   #38 CobolDisplayStmt ' --- eval 1 --- ', FROM={#18, #23, #28, #33}, TO={#64}
  #41 CobolWhenStmt, FROM={#14(5)}, TO={#61}
   #42 CobolComparisonExpression
    #43 CobolEvaluationReference
  #46 CobolWhenStmt, FROM={#14(6)}, TO={#61}
   #47 CobolComparisonExpression
    #48 CobolEvaluationReference
  #51 CobolWhenStmt, FROM={#14(7)}, TO={#61}
   #52 CobolComparisonExpression
    #53 CobolEvaluationReference
  #56 CobolWhenStmt, FROM={#14(8)}, TO={#61}
   #57 CobolComparisonExpression
    #58 CobolEvaluationReference
   #61 CobolDisplayStmt ' --- eval 2 --- ', FROM={#41, #46, #51, #56}, TO={#64}
 #64 CobolGoBackStmt, FROM={#14(OTHER), #38, #61}, TO={TestReturnPoint}
