AstNode [type=CobolProgram, moduleId=1, location=AstNodeLocation [retracedOffset=7, retracedLength=262, assembledOffset=7, assembledLength=543, rootRelativeOffset=7, rootRelativeLength=262, rootRelativeStartLineNumber=1, rootRelativeEndLineNumber=14], inclusionLevel=-1, inclusionOrdinal=-1, hasAstModuleId=1]
 AstNode [type=IdentificationDivision, moduleId=1, location=AstNodeLocation [retracedOffset=7, retracedLength=23, assembledOffset=7, assembledLength=23, rootRelativeOffset=7, rootRelativeLength=23, rootRelativeStartLineNumber=1, rootRelativeEndLineNumber=1], inclusionLevel=-1, inclusionOrdinal=-1]
 AstNode [type=DataDivision, moduleId=1, location=AstNodeLocation [retracedOffset=64, retracedLength=112, assembledOffset=64, assembledLength=393, rootRelativeOffset=64, rootRelativeLength=112, rootRelativeStartLineNumber=3, rootRelativeEndLineNumber=8], inclusionLevel=-1, inclusionOrdinal=-1]
  AstNode [type=WorkingStorageSection, moduleId=1, location=AstNodeLocation [retracedOffset=86, retracedLength=90, assembledOffset=86, assembledLength=371, rootRelativeOffset=86, rootRelativeLength=90, rootRelativeStartLineNumber=4, rootRelativeEndLineNumber=8], inclusionLevel=-1, inclusionOrdinal=-1]
   AstNode [type=CobolCopyStmt, moduleId=1, location=AstNodeLocation [retracedOffset=120, retracedLength=10, assembledOffset=127, assembledLength=23, rootRelativeOffset=120, rootRelativeLength=10, rootRelativeStartLineNumber=6, rootRelativeEndLineNumber=6], inclusionLevel=1, inclusionOrdinal=0, inclusionCalleeModuleId=2, hasAstModuleId=2]
    AstNode [type=CobolComment, moduleId=1, location=AstNodeLocation [retracedOffset=120, retracedLength=10, assembledOffset=127, assembledLength=23, rootRelativeOffset=120, rootRelativeLength=10, rootRelativeStartLineNumber=6, rootRelativeEndLineNumber=6], inclusionLevel=1, inclusionOrdinal=0, inclusionCalleeModuleId=2]
    AstNode [type=CobolDataField, moduleId=1, location=AstNodeLocation [retracedOffset=11, retracedLength=11, assembledOffset=162, assembledLength=11, rootRelativeOffset=120, rootRelativeLength=10, rootRelativeStartLineNumber=6, rootRelativeEndLineNumber=6], inclusionLevel=1, inclusionOrdinal=0, inclusionCalleeModuleId=2, properties=[blankWhenZero=false, byteLength=1, c$field=false, containsDuplicateFields=false, controlBlock=false, external=false, filler=false, global=false, groupOfPointers=false, isAdabas=false, isPrefixedOrSuffixed=false, isVaryingField=false, justifiedRight=false, languageType=Group, level=1, name=WS-DATE, nameLength=7, nameOffset=3, picType= , pointer=false, provideDdmFieldName=false, sync=false, syncLeft=false, syncRight=false, syntheticIndex=false, view=false]]
     AstNode [type=CobolDataField, moduleId=1, location=AstNodeLocation [retracedOffset=34, retracedLength=34, assembledOffset=185, assembledLength=34, rootRelativeOffset=120, rootRelativeLength=10, rootRelativeStartLineNumber=6, rootRelativeEndLineNumber=6], inclusionLevel=1, inclusionOrdinal=0, inclusionCalleeModuleId=2, properties=[blankWhenZero=false, byteLength=4, c$field=false, containsDuplicateFields=false, controlBlock=false, external=false, filler=false, global=false, groupOfPointers=false, isAdabas=false, isPrefixedOrSuffixed=false, isVaryingField=false, justifiedRight=false, languageType=PICX, level=2, name=WS-YEAR, nameLength=7, nameOffset=3, pic=X(4), picType=X, pointer=false, provideDdmFieldName=false, sync=false, syncLeft=false, syncRight=false, syntheticIndex=false, view=false]]
      AstNode [type=CobolConstantReference, moduleId=1, location=AstNodeLocation [retracedOffset=61, retracedLength=6, assembledOffset=212, assembledLength=6, rootRelativeOffset=120, rootRelativeLength=10, rootRelativeStartLineNumber=6, rootRelativeEndLineNumber=6], inclusionLevel=1, inclusionOrdinal=0, inclusionCalleeModuleId=2, properties=[all=false, colonPrefix=false, dynamic=false, external=false, level=0, negativ=false, value='2017']]
     AstNode [type=CobolDataField, moduleId=1, location=AstNodeLocation [retracedOffset=80, retracedLength=28, assembledOffset=231, assembledLength=28, rootRelativeOffset=120, rootRelativeLength=10, rootRelativeStartLineNumber=6, rootRelativeEndLineNumber=6], inclusionLevel=1, inclusionOrdinal=0, inclusionCalleeModuleId=2, properties=[blankWhenZero=false, byteLength=1, c$field=false, containsDuplicateFields=false, controlBlock=false, external=false, filler=false, global=false, groupOfPointers=false, isAdabas=false, isPrefixedOrSuffixed=false, isVaryingField=false, justifiedRight=false, languageType=PICX, level=2, name=WS-SEP1, nameLength=7, nameOffset=3, pic=X, picType=X, pointer=false, provideDdmFieldName=false, sync=false, syncLeft=false, syncRight=false, syntheticIndex=false, view=false]]
      AstNode [type=CobolConstantReference, moduleId=1, location=AstNodeLocation [retracedOffset=104, retracedLength=3, assembledOffset=255, assembledLength=3, rootRelativeOffset=120, rootRelativeLength=10, rootRelativeStartLineNumber=6, rootRelativeEndLineNumber=6], inclusionLevel=1, inclusionOrdinal=0, inclusionCalleeModuleId=2, properties=[all=false, colonPrefix=false, dynamic=false, external=false, level=0, negativ=false, value='-']]
     AstNode [type=CobolDataField, moduleId=1, location=AstNodeLocation [retracedOffset=120, retracedLength=32, assembledOffset=271, assembledLength=32, rootRelativeOffset=120, rootRelativeLength=10, rootRelativeStartLineNumber=6, rootRelativeEndLineNumber=6], inclusionLevel=1, inclusionOrdinal=0, inclusionCalleeModuleId=2, properties=[blankWhenZero=false, byteLength=2, c$field=false, containsDuplicateFields=false, controlBlock=false, external=false, filler=false, global=false, groupOfPointers=false, isAdabas=false, isPrefixedOrSuffixed=false, isVaryingField=false, justifiedRight=false, languageType=PICX, level=2, name=WS-MONTH, nameLength=8, nameOffset=3, pic=X(2), picType=X, pointer=false, provideDdmFieldName=false, sync=false, syncLeft=false, syncRight=false, syntheticIndex=false, view=false]]
      AstNode [type=CobolConstantReference, moduleId=1, location=AstNodeLocation [retracedOffset=147, retracedLength=4, assembledOffset=298, assembledLength=4, rootRelativeOffset=120, rootRelativeLength=10, rootRelativeStartLineNumber=6, rootRelativeEndLineNumber=6], inclusionLevel=1, inclusionOrdinal=0, inclusionCalleeModuleId=2, properties=[all=false, colonPrefix=false, dynamic=false, external=false, level=0, negativ=false, value='08']]
     AstNode [type=CobolDataField, moduleId=1, location=AstNodeLocation [retracedOffset=164, retracedLength=28, assembledOffset=315, assembledLength=28, rootRelativeOffset=120, rootRelativeLength=10, rootRelativeStartLineNumber=6, rootRelativeEndLineNumber=6], inclusionLevel=1, inclusionOrdinal=0, inclusionCalleeModuleId=2, properties=[blankWhenZero=false, byteLength=1, c$field=false, containsDuplicateFields=false, controlBlock=false, external=false, filler=false, global=false, groupOfPointers=false, isAdabas=false, isPrefixedOrSuffixed=false, isVaryingField=false, justifiedRight=false, languageType=PICX, level=2, name=WS-SEP2, nameLength=7, nameOffset=3, pic=X, picType=X, pointer=false, provideDdmFieldName=false, sync=false, syncLeft=false, syncRight=false, syntheticIndex=false, view=false]]
      AstNode [type=CobolConstantReference, moduleId=1, location=AstNodeLocation [retracedOffset=188, retracedLength=3, assembledOffset=339, assembledLength=3, rootRelativeOffset=120, rootRelativeLength=10, rootRelativeStartLineNumber=6, rootRelativeEndLineNumber=6], inclusionLevel=1, inclusionOrdinal=0, inclusionCalleeModuleId=2, properties=[all=false, colonPrefix=false, dynamic=false, external=false, level=0, negativ=false, value='-']]
     AstNode [type=CobolDataField, moduleId=1, location=AstNodeLocation [retracedOffset=204, retracedLength=32, assembledOffset=355, assembledLength=32, rootRelativeOffset=120, rootRelativeLength=10, rootRelativeStartLineNumber=6, rootRelativeEndLineNumber=6], inclusionLevel=1, inclusionOrdinal=0, inclusionCalleeModuleId=2, properties=[blankWhenZero=false, byteLength=2, c$field=false, containsDuplicateFields=false, controlBlock=false, external=false, filler=false, global=false, groupOfPointers=false, isAdabas=false, isPrefixedOrSuffixed=false, isVaryingField=false, justifiedRight=false, languageType=PICX, level=2, name=WS-DAY, nameLength=6, nameOffset=3, pic=X(2), picType=X, pointer=false, provideDdmFieldName=false, sync=false, syncLeft=false, syncRight=false, syntheticIndex=false, view=false]]
      AstNode [type=CobolConstantReference, moduleId=1, location=AstNodeLocation [retracedOffset=231, retracedLength=4, assembledOffset=382, assembledLength=4, rootRelativeOffset=120, rootRelativeLength=10, rootRelativeStartLineNumber=6, rootRelativeEndLineNumber=6], inclusionLevel=1, inclusionOrdinal=0, inclusionCalleeModuleId=2, properties=[all=false, colonPrefix=false, dynamic=false, external=false, level=0, negativ=false, value='15']]
      AstNode [type=CobolComment, moduleId=1, location=AstNodeLocation [retracedOffset=120, retracedLength=10, assembledOffset=395, assembledLength=15, rootRelativeOffset=120, rootRelativeLength=10, rootRelativeStartLineNumber=6, rootRelativeEndLineNumber=6], inclusionLevel=1, inclusionOrdinal=0, inclusionCalleeModuleId=2]
   AstNode [type=CobolDataField, moduleId=1, location=AstNodeLocation [retracedOffset=140, retracedLength=36, assembledOffset=421, assembledLength=36, rootRelativeOffset=140, rootRelativeLength=36, rootRelativeStartLineNumber=8, rootRelativeEndLineNumber=8], inclusionLevel=-1, inclusionOrdinal=-1, properties=[blankWhenZero=false, byteLength=4, c$field=false, containsDuplicateFields=false, controlBlock=false, external=false, filler=false, global=false, groupOfPointers=false, isAdabas=false, isPrefixedOrSuffixed=false, isVaryingField=false, justifiedRight=false, languageType=PIC9, level=1, name=WS-YEAR-NUM, nameLength=11, nameOffset=4, pic=9(4), picType=9, pointer=false, provideDdmFieldName=false, sync=false, syncLeft=false, syncRight=false, syntheticIndex=false, view=false]]
    AstNode [type=CobolNumericConstantReference, moduleId=1, location=AstNodeLocation [retracedOffset=171, retracedLength=4, assembledOffset=452, assembledLength=4, rootRelativeOffset=171, rootRelativeLength=4, rootRelativeStartLineNumber=8, rootRelativeEndLineNumber=8], inclusionLevel=-1, inclusionOrdinal=-1, properties=[all=false, colonPrefix=false, dynamic=false, external=false, level=0, negativ=false, value=2000]]
 AstNode [type=ProcedureDivision, moduleId=1, location=AstNodeLocation [retracedOffset=186, retracedLength=18, assembledOffset=467, assembledLength=18, rootRelativeOffset=186, rootRelativeLength=18, rootRelativeStartLineNumber=10, rootRelativeEndLineNumber=10], inclusionLevel=-1, inclusionOrdinal=-1]
  AstNode [type=CobolDisplayStmt, moduleId=1, location=AstNodeLocation [retracedOffset=213, retracedLength=19, assembledOffset=494, assembledLength=19, rootRelativeOffset=213, rootRelativeLength=19, rootRelativeStartLineNumber=11, rootRelativeEndLineNumber=11], inclusionLevel=-1, inclusionOrdinal=-1]
   AstNode [type=CobolReferenceExpression, moduleId=1, location=AstNodeLocation [retracedOffset=221, retracedLength=11, assembledOffset=502, assembledLength=11, rootRelativeOffset=221, rootRelativeLength=11, rootRelativeStartLineNumber=11, rootRelativeEndLineNumber=11], inclusionLevel=-1, inclusionOrdinal=-1]
    AstNode [type=CobolFieldReference, moduleId=1, location=AstNodeLocation [retracedOffset=221, retracedLength=11, assembledOffset=502, assembledLength=11, rootRelativeOffset=221, rootRelativeLength=11, rootRelativeStartLineNumber=11, rootRelativeEndLineNumber=11], inclusionLevel=-1, inclusionOrdinal=-1, relations={ REFERS [to=CobolDataField[01 WS-YEAR-NUM PIC 9(4) VALUE 2000.]], BINDING [to=CobolDataField[01 WS-YEAR-NUM PIC 9(4) VALUE 2000.], label=definedBy] }, properties=[all=false, colonPrefix=false, dynamic=false, external=false, isIndex=false, negativ=false, renderIsTrueForL88Item=true, unresolvedFieldName=WS-YEAR-NUM, usedAsCondition=false]]
  AstNode [type=CobolEndStmt, moduleId=1, location=AstNodeLocation [retracedOffset=252, retracedLength=16, assembledOffset=533, assembledLength=16, rootRelativeOffset=252, rootRelativeLength=16, rootRelativeStartLineNumber=14, rootRelativeEndLineNumber=14], inclusionLevel=-1, inclusionOrdinal=-1]
