offset=2266,length=139
offset=2628,length=260
offset=3278,length=31
offset=3569,length=32
offset=4282,length=95